
ÔòÉÔòÉÔòÉÔòÉÔòÉÔòÉÔòÉÔòÉÔòÉÔòÉÔòÉÔòÉÔòÉÔòÉÔòÉÔòÉÔòÉÔòÉÔòÉÔòÉÔòÉÔòÉÔòÉÔòÉÔòÉÔòÉÔòÉÔòÉÔòÉÔòÉÔòÉÔòÉÔòÉÔòÉÔòÉÔòÉÔòÉÔòÉÔòÉÔòÉÔòÉÔòÉÔòÉÔòÉÔòÉÔòÉÔòÉÔòÉÔòÉÔòÉÔòÉÔòÉÔòÉÔòÉ
Test 1: Full Architecture Model Snapshot
ÔòÉÔòÉÔòÉÔòÉÔòÉÔòÉÔòÉÔòÉÔòÉÔòÉÔòÉÔòÉÔòÉÔòÉÔòÉÔòÉÔòÉÔòÉÔòÉÔòÉÔòÉÔòÉÔòÉÔòÉÔòÉÔòÉÔòÉÔòÉÔòÉÔòÉÔòÉÔòÉÔòÉÔòÉÔòÉÔòÉÔòÉÔòÉÔòÉÔòÉÔòÉÔòÉÔòÉÔòÉÔòÉÔòÉÔòÉÔòÉÔòÉÔòÉÔòÉÔòÉÔòÉÔòÉ
  Risk universe: 10 assets
  Gating: kalman=0.422 tsmom=0.422 cash=0.155
  Features: 42
  Graph edges: 33
  Clusters: 3
  Portfolio method: arch_qp
  Forecast confidence: 0.6
   Forecast confidence: 0.6
   Forecast confidence: 0.6
   Forecast confidence: 0.6
   Forecast confidence: 0.6
   Forecast confidence: 0.6
   Forecast confidence: 0.6
   Forecast confidence: 0.6
   Forecast confidence: 0.6
   Forecast confidence: 0.6
  Weights sum: 0.3411 (risky) + 0.6589 (cash) = 1.0000
  Targets:
   symbol weight_target
1    SYM1   0.005139436
2   SYM10   0.005139436
3    SYM2   0.150000000
4    SYM3   0.005139436
5    SYM4   0.005139436
6    SYM5   0.005139436
7    SYM6   0.005139436
8    SYM7   0.150000000
9    SYM8   0.005139436
10   SYM9   0.005139436
  Warnings: [ARCH] spec$risk$resid$use_glasso is FALSE (architecture requires Glasso-only residual precision); [ARCH] Residual precision not produced by Glasso (method=ridge_inverse; fallback=FALSE; reason=NA); [forecast][FALLBACK:forecast_FALLBACK:forecast_legacy_path] Forecast: FALLBACK:forecast_legacy_path (reason: insufficient_feature_history) 
  Ô£ô Full snapshot PASSED

ÔòÉÔòÉÔòÉÔòÉÔòÉÔòÉÔòÉÔòÉÔòÉÔòÉÔòÉÔòÉÔòÉÔòÉÔòÉÔòÉÔòÉÔòÉÔòÉÔòÉÔòÉÔòÉÔòÉÔòÉÔòÉÔòÉÔòÉÔòÉÔòÉÔòÉÔòÉÔòÉÔòÉÔòÉÔòÉÔòÉÔòÉÔòÉÔòÉÔòÉÔòÉÔòÉÔòÉÔòÉÔòÉÔòÉÔòÉÔòÉÔòÉÔòÉÔòÉÔòÉÔòÉÔòÉ
Test 2: Graph & Clustering Pipeline
ÔòÉÔòÉÔòÉÔòÉÔòÉÔòÉÔòÉÔòÉÔòÉÔòÉÔòÉÔòÉÔòÉÔòÉÔòÉÔòÉÔòÉÔòÉÔòÉÔòÉÔòÉÔòÉÔòÉÔòÉÔòÉÔòÉÔòÉÔòÉÔòÉÔòÉÔòÉÔòÉÔòÉÔòÉÔòÉÔòÉÔòÉÔòÉÔòÉÔòÉÔòÉÔòÉÔòÉÔòÉÔòÉÔòÉÔòÉÔòÉÔòÉÔòÉÔòÉÔòÉÔòÉÔòÉ
  Edges: 9 | Density: 0.200
  Clusters: 2 (spectral)
  Labels: 2,2,1,2,2,2,1,1,1,2
  Ô£ô Graph pipeline PASSED

ÔòÉÔòÉÔòÉÔòÉÔòÉÔòÉÔòÉÔòÉÔòÉÔòÉÔòÉÔòÉÔòÉÔòÉÔòÉÔòÉÔòÉÔòÉÔòÉÔòÉÔòÉÔòÉÔòÉÔòÉÔòÉÔòÉÔòÉÔòÉÔòÉÔòÉÔòÉÔòÉÔòÉÔòÉÔòÉÔòÉÔòÉÔòÉÔòÉÔòÉÔòÉÔòÉÔòÉÔòÉÔòÉÔòÉÔòÉÔòÉÔòÉÔòÉÔòÉÔòÉÔòÉÔòÉ
Test 3: Feature Engine
ÔòÉÔòÉÔòÉÔòÉÔòÉÔòÉÔòÉÔòÉÔòÉÔòÉÔòÉÔòÉÔòÉÔòÉÔòÉÔòÉÔòÉÔòÉÔòÉÔòÉÔòÉÔòÉÔòÉÔòÉÔòÉÔòÉÔòÉÔòÉÔòÉÔòÉÔòÉÔòÉÔòÉÔòÉÔòÉÔòÉÔòÉÔòÉÔòÉÔòÉÔòÉÔòÉÔòÉÔòÉÔòÉÔòÉÔòÉÔòÉÔòÉÔòÉÔòÉÔòÉÔòÉÔòÉ
  Signals: s_mom(10) s_kal(10) s_fac(10) s_scalar(10)
  Feature matrix: 10x42
  Groups: temporal, structural, graph, pca_graph, liquidity, signal_liquidity, state
    temporal: f_mom, f_kal, f_fac, f_kal_slope, f_kal_uncert, f_kal_innov_ratio, f_tsmom_h21, f_tsmom_h63, f_tsmom_h126, f_tsmom_h252, f_resid_tsmom_h21, f_resid_tsmom_h63, f_resid_tsmom_h126, f_resid_tsmom_h252, f_scalar
    structural: f_factor_exposure, f_vol_rank, f_idio_frac
    graph: f_graph_peer, f_graph_relative, f_graph_tension, f_cluster_z, f_centrality, f_graph_signed, f_graph_shr_mom, f_graph_shr_kal, f_graph_mixed_mom
    pca_graph: f_pca_graph_align, f_pca_graph_dislo
    liquidity: f_liquidity, f_traded_value, f_traded_units, f_illiq, f_liq_zscore
    signal_liquidity: f_mom_x_liq, f_kal_x_liq
    state: f_state_disp, f_state_eta, f_state_VoV, f_state_density, f_state_eto, f_state_chi
  Ô£ô Feature engine PASSED

ÔòÉÔòÉÔòÉÔòÉÔòÉÔòÉÔòÉÔòÉÔòÉÔòÉÔòÉÔòÉÔòÉÔòÉÔòÉÔòÉÔòÉÔòÉÔòÉÔòÉÔòÉÔòÉÔòÉÔòÉÔòÉÔòÉÔòÉÔòÉÔòÉÔòÉÔòÉÔòÉÔòÉÔòÉÔòÉÔòÉÔòÉÔòÉÔòÉÔòÉÔòÉÔòÉÔòÉÔòÉÔòÉÔòÉÔòÉÔòÉÔòÉÔòÉÔòÉÔòÉÔòÉÔòÉ
Test 4: Equal-Weight Backtest
ÔòÉÔòÉÔòÉÔòÉÔòÉÔòÉÔòÉÔòÉÔòÉÔòÉÔòÉÔòÉÔòÉÔòÉÔòÉÔòÉÔòÉÔòÉÔòÉÔòÉÔòÉÔòÉÔòÉÔòÉÔòÉÔòÉÔòÉÔòÉÔòÉÔòÉÔòÉÔòÉÔòÉÔòÉÔòÉÔòÉÔòÉÔòÉÔòÉÔòÉÔòÉÔòÉÔòÉÔòÉÔòÉÔòÉÔòÉÔòÉÔòÉÔòÉÔòÉÔòÉÔòÉÔòÉ
Performance: CAGR=13.99% Vol=83.55% Sharpe=0.17 MaxDD=-7.10%
Period: 2020-07-02 to 2021-05-02 (304 days, 11 observations)
Rebalances: 11 | Total Costs: 229.38
Turnover: mean=0.0788 median=0.0368 max=0.4988
  Ô£ô Equal-weight backtest PASSED

ÔòÉÔòÉÔòÉÔòÉÔòÉÔòÉÔòÉÔòÉÔòÉÔòÉÔòÉÔòÉÔòÉÔòÉÔòÉÔòÉÔòÉÔòÉÔòÉÔòÉÔòÉÔòÉÔòÉÔòÉÔòÉÔòÉÔòÉÔòÉÔòÉÔòÉÔòÉÔòÉÔòÉÔòÉÔòÉÔòÉÔòÉÔòÉÔòÉÔòÉÔòÉÔòÉÔòÉÔòÉÔòÉÔòÉÔòÉÔòÉÔòÉÔòÉÔòÉÔòÉÔòÉÔòÉ
Test 5: Model-Engine Strategy Backtest (Full Pipeline)
ÔòÉÔòÉÔòÉÔòÉÔòÉÔòÉÔòÉÔòÉÔòÉÔòÉÔòÉÔòÉÔòÉÔòÉÔòÉÔòÉÔòÉÔòÉÔòÉÔòÉÔòÉÔòÉÔòÉÔòÉÔòÉÔòÉÔòÉÔòÉÔòÉÔòÉÔòÉÔòÉÔòÉÔòÉÔòÉÔòÉÔòÉÔòÉÔòÉÔòÉÔòÉÔòÉÔòÉÔòÉÔòÉÔòÉÔòÉÔòÉÔòÉÔòÉÔòÉÔòÉÔòÉÔòÉ
Performance: CAGR=0.64% Vol=60.52% Sharpe=0.01 MaxDD=-8.18%
Period: 2020-07-02 to 2021-05-02 (304 days, 11 observations)
Rebalances: 11 | Total Costs: 672.61
Turnover: mean=0.2377 median=0.2201 max=0.5245
  Ô£ô Model-engine backtest PASSED

ÔòÉÔòÉÔòÉÔòÉÔòÉÔòÉÔòÉÔòÉÔòÉÔòÉÔòÉÔòÉÔòÉÔòÉÔòÉÔòÉÔòÉÔòÉÔòÉÔòÉÔòÉÔòÉÔòÉÔòÉÔòÉÔòÉÔòÉÔòÉÔòÉÔòÉÔòÉÔòÉÔòÉÔòÉÔòÉÔòÉÔòÉÔòÉÔòÉÔòÉÔòÉÔòÉÔòÉÔòÉÔòÉÔòÉÔòÉÔòÉÔòÉÔòÉÔòÉÔòÉÔòÉÔòÉ
Test 6: Contract Validation
ÔòÉÔòÉÔòÉÔòÉÔòÉÔòÉÔòÉÔòÉÔòÉÔòÉÔòÉÔòÉÔòÉÔòÉÔòÉÔòÉÔòÉÔòÉÔòÉÔòÉÔòÉÔòÉÔòÉÔòÉÔòÉÔòÉÔòÉÔòÉÔòÉÔòÉÔòÉÔòÉÔòÉÔòÉÔòÉÔòÉÔòÉÔòÉÔòÉÔòÉÔòÉÔòÉÔòÉÔòÉÔòÉÔòÉÔòÉÔòÉÔòÉÔòÉÔòÉÔòÉÔòÉÔòÉ
  Ô£ô ModelSpec valid
  Ô£ô BacktestSpec valid
  Ô£ô Snapshot artifact valid
  Ô£ô Run artifact valid
  Ô£ô Invalid ModelSpec rejected
  Ô£ô Invalid BacktestSpec rejected

ÔòÉÔòÉÔòÉÔòÉÔòÉÔòÉÔòÉÔòÉÔòÉÔòÉÔòÉÔòÉÔòÉÔòÉÔòÉÔòÉÔòÉÔòÉÔòÉÔòÉÔòÉÔòÉÔòÉÔòÉÔòÉÔòÉÔòÉÔòÉÔòÉÔòÉÔòÉÔòÉÔòÉÔòÉÔòÉÔòÉÔòÉÔòÉÔòÉÔòÉÔòÉÔòÉÔòÉÔòÉÔòÉÔòÉÔòÉÔòÉÔòÉÔòÉÔòÉÔòÉÔòÉÔòÉ
ALL E2E TESTS PASSED Ô£ô (Full Architecture)
ÔòÉÔòÉÔòÉÔòÉÔòÉÔòÉÔòÉÔòÉÔòÉÔòÉÔòÉÔòÉÔòÉÔòÉÔòÉÔòÉÔòÉÔòÉÔòÉÔòÉÔòÉÔòÉÔòÉÔòÉÔòÉÔòÉÔòÉÔòÉÔòÉÔòÉÔòÉÔòÉÔòÉÔòÉÔòÉÔòÉÔòÉÔòÉÔòÉÔòÉÔòÉÔòÉÔòÉÔòÉÔòÉÔòÉÔòÉÔòÉÔòÉÔòÉÔòÉÔòÉÔòÉÔòÉ
